Could not open input file: test_pdf.php
